// Jest Snapshot v1, https://goo.gl/fbAQLP

exports[`CreateList Form Component matches snapshot 1`] = `
<div>
  <form
    onSubmit={[Function]}
  >
    <TextField
      disabled={false}
      floatingLabelFixed={false}
      floatingLabelText="Enter list name"
      fullWidth={false}
      multiLine={false}
      name="name"
      rows={1}
      type="text"
      underlineShow={true}
    />
    <button
      className="btn btn-primary"
      type="submit"
    >
      Create List
    </button>
  </form>
</div>
`;
