// Jest Snapshot v1, https://goo.gl/fbAQLP

exports[`DeleteButton Component matches snapshot 1`] = `
<button
  className="btn btn-danger"
  onClick={[Function]}
  type="button"
>
  Delete
</button>
`;
