// Jest Snapshot v1, https://goo.gl/fbAQLP

exports[`LogOut Component matches snapshot 1`] = `
<Route
  render={[Function]}
/>
`;
