// Jest Snapshot v1, https://goo.gl/fbAQLP

exports[`ItemView Component matches snapshot 1`] = `
<div>
  <Search
    setValue={[Function]}
  />
  <withRouter(LogOut) />
  <CreateItem
    callback={[Function]}
    list_id={1}
  />
  <Lister
    callback={[Function]}
  />
</div>
`;
